STDOUT:
============================= test session starts =============================
collecting ... collected 0 items / 1 error

=================================== ERRORS ====================================
________ ERROR collecting tests/ltm_agent/memory/test_sqlite_store.py _________
ImportError while importing test module 'C:\Users\linki\OneDrive\Documents_encrypted\Documents\WindSurf_Projects\langchain-contextual-retrieval\tests\ltm_agent\memory\test_sqlite_store.py'.
Hint: make sure your test modules/packages have valid Python names.
Traceback:
C:\Users\linki\AppData\Local\Programs\Python\Python311\Lib\site-packages\_pytest\python.py:493: in importtestmodule
    mod = import_path(
C:\Users\linki\AppData\Local\Programs\Python\Python311\Lib\site-packages\_pytest\pathlib.py:587: in import_path
    importlib.import_module(module_name)
C:\Users\linki\AppData\Local\Programs\Python\Python311\Lib\importlib\__init__.py:126: in import_module
    return _bootstrap._gcd_import(name[level:], package, level)
<frozen importlib._bootstrap>:1206: in _gcd_import
    ???
<frozen importlib._bootstrap>:1178: in _find_and_load
    ???
<frozen importlib._bootstrap>:1149: in _find_and_load_unlocked
    ???
<frozen importlib._bootstrap>:690: in _load_unlocked
    ???
C:\Users\linki\AppData\Local\Programs\Python\Python311\Lib\site-packages\_pytest\assertion\rewrite.py:185: in exec_module
    exec(co, module.__dict__)
tests\ltm_agent\memory\test_sqlite_store.py:19: in <module>
    from ltm_agent.core.models import KnowledgeUnit
src\ltm_agent\core\models.py:13: in <module>
    from pydantic import BaseModel, Field, field_validator
E   ModuleNotFoundError: No module named 'pydantic'
=============================== tests coverage ================================
_______________ coverage: platform win32, python 3.11.0-final-0 _______________

Name                                      Stmts   Miss  Cover
-------------------------------------------------------------
src\ltm_agent\__init__.py                     0      0   100%
src\ltm_agent\agent\__init__.py               0      0   100%
src\ltm_agent\core\__init__.py                0      0   100%
src\ltm_agent\core\config.py                 67     67     0%
src\ltm_agent\core\exceptions.py             18     18     0%
src\ltm_agent\core\models.py                 41     37    10%
src\ltm_agent\main.py                         0      0   100%
src\ltm_agent\memory\__init__.py              0      0   100%
src\ltm_agent\memory\base.py                 82     82     0%
src\ltm_agent\memory\batch.py               190    190     0%
src\ltm_agent\memory\cache.py               130    130     0%
src\ltm_agent\memory\in_memory_store.py     288    288     0%
src\ltm_agent\memory\interfaces.py           33     33     0%
src\ltm_agent\memory\manager.py             173    173     0%
src\ltm_agent\memory\sqlite_store.py        316    316     0%
src\ltm_agent\memory\vector_store.py        115    115     0%
src\ltm_agent\utils\__init__.py               0      0   100%
src\ltm_agent\utils\test_utils.py            68     68     0%
-------------------------------------------------------------
TOTAL                                      1521   1517     1%
=========================== short test summary info ===========================
ERROR tests/ltm_agent/memory/test_sqlite_store.py
!!!!!!!!!!!!!!!!!!! Interrupted: 1 error during collection !!!!!!!!!!!!!!!!!!!!
============================== 1 error in 0.57s ===============================


STDERR:
